▿ Optional<DataImportViewModel>
  ▿ some: DataImportViewModel
    ▿ _successfulImportHappened: UserDefaultsWrapper<Optional<Bool>>
      - customUserDefaults: Optional<NSUserDefaults>.none
      - defaultValue: Optional<Bool>.none
      - key: Key.homePageContinueSetUpImport
      - setIfEmpty: false
    ▿ browserProfiles: Optional<BrowserProfileList>
      ▿ some: BrowserProfileList
        - browser: ThirdPartyBrowser.coccoc
        ▿ profiles: 3 elements
          ▿ BrowserProfile
            - browser: ThirdPartyBrowser.coccoc
            - chromiumPreferences: Optional<ChromiumPreferences>.none
            - fallbackProfileName: "Test Profile"
            - fileStore: <NSFileManager>
            - profileURL: file:///Users/Dax/Library/ApplicationSupport/BrowserCompany/Browser/Test%20Profile
          ▿ BrowserProfile
            - browser: ThirdPartyBrowser.coccoc
            - chromiumPreferences: Optional<ChromiumPreferences>.none
            - fallbackProfileName: "Default"
            - fileStore: <NSFileManager>
            - profileURL: file:///Users/Dax/Library/ApplicationSupport/BrowserCompany/Browser/Default
          ▿ BrowserProfile
            - browser: ThirdPartyBrowser.coccoc
            - chromiumPreferences: Optional<ChromiumPreferences>.none
            - fallbackProfileName: "Test Profile 2"
            - fileStore: <NSFileManager>
            - profileURL: file:///Users/Dax/Library/ApplicationSupport/BrowserCompany/Browser/Test%20Profile%202
        - validateProfileData: (Function)
    - dataImporterFactory: (Function)
    - importSource: source-coccoc
    - importTask: Optional<TaskWithProgress<Dictionary<DataType, DataImportResult<DataTypeSummary>>, Never, DataImportProgressEvent>>.none
    - loadProfiles: (Function)
    - openPanelCallback: (Function)
    - reportSenderFactory: (Function)
    - requestPrimaryPasswordCallback: (Function)
    ▿ screen: error(passwords: decryptionError)
      ▿ error: (2 elements)
        - dataType: passwords
        - errorType: decryptionError
    ▿ selectedDataTypes: 2 members
      - bookmarks
      - passwords
    ▿ selectedProfile: Optional<BrowserProfile>
      ▿ some: BrowserProfile
        - browser: ThirdPartyBrowser.coccoc
        - chromiumPreferences: Optional<ChromiumPreferences>.none
        - fallbackProfileName: "Test Profile"
        - fileStore: <NSFileManager>
        - profileURL: file:///Users/Dax/Library/ApplicationSupport/BrowserCompany/Browser/Test%20Profile
    ▿ summary: 2 elements
      ▿ DataTypeImportResult
        - dataType: passwords
        ▿ result: .success(Error(0: decryptionError))
          ▿ failure: Error(0: decryptionError)
            - action: logins
            - type: OperationType.failure
            - underlyingError: Optional<Error>.none
            - errorType: decryptionError
      ▿ DataTypeImportResult
        - dataType: bookmarks
        ▿ result: .success(DataTypeSummary(successful: 10, duplicate: 0, failed: 0))
          ▿ success: DataTypeSummary
            - duplicate: 0
            - failed: 0
            - successful: 10
    - userReportText: ""
